# serializer version: 1
# name: test_get_group
  HabiticaGroupsResponse(
    appVersion='5.35.3',
    data=GroupData(
      ChallengeCount=0,
      balance=0.0,
      chat=list([
        ChatMsg(
          client='web',
          flagCount=0,
          groupId=UUID('d27c2e74-a65a-42cc-9ac4-46966242cb1f'),
          id=UUID('bb436446-6e91-49ea-9607-11f955105224'),
          info=ChatMsgInfo(
            items=None,
            quest=None,
            type=None,
            user=None,
          ),
          likes=dict({
          }),
          ownerId=None,
          sent=None,
          text='hallo',
          timestamp=datetime.datetime(2025, 4, 17, 12, 19, 16, 769000, tzinfo=datetime.timezone.utc),
          unformattedText='hallo',
          uniqueMessageId=None,
          user='test',
          userStyles=Avatar(
            items=ItemsAvatar(
              currentMount='',
              currentPet='',
              gear=GearItemsAvatar(
                costume=EquippedGear(
                  armor=None,
                  back=None,
                  body=None,
                  eyewear=None,
                  head=None,
                  headAccessory=None,
                  shield=None,
                  weapon=None,
                ),
                equipped=EquippedGear(
                  armor='armor_base_0',
                  back=None,
                  body=None,
                  eyewear=None,
                  head='head_base_0',
                  headAccessory='headAccessory_base_0',
                  shield='shield_special_piDay',
                  weapon=None,
                ),
              ),
            ),
            preferences=PreferencesAvatar(
              background='violet',
              chair='none',
              costume=False,
              hair=HairPreferences(
                bangs=0,
                base=3,
                beard=0,
                color='red',
                flower=1,
                mustache=0,
              ),
              shirt='pink',
              size='slim',
              skin='915533',
              sleep=None,
            ),
            stats=StatsAvatar(
              Class=<HabiticaClass.ROGUE: 'rogue'>,
              buffs=BuffsStatsavatar(
                seafoam=False,
                shinySeed=False,
                snowball=False,
                spookySparkles=False,
              ),
            ),
          ),
          username='test',
          uuid=UUID('c18e1853-bded-47a9-82e2-adfdad08894d'),
        ),
        ChatMsg(
          client=None,
          flagCount=0,
          groupId=UUID('d27c2e74-a65a-42cc-9ac4-46966242cb1f'),
          id=UUID('b53ca2b3-c0fb-4dc5-bdbb-ecc8f4871be5'),
          info=ChatMsgInfo(
            items=None,
            quest=None,
            type=None,
            user=None,
          ),
          likes=dict({
          }),
          ownerId=None,
          sent=None,
          text='`Your quest, The Feral Dust Bunnies, has started.`',
          timestamp=datetime.datetime(2018, 3, 14, 6, 57, 26, 701000, tzinfo=datetime.timezone.utc),
          unformattedText=None,
          uniqueMessageId=None,
          user=None,
          userStyles=None,
          username=None,
          uuid='system',
        ),
      ]),
      chatLimitCount=None,
      description='',
      id=UUID('d27c2e74-a65a-42cc-9ac4-46966242cb1f'),
      leader=GroupLeader(
        auth=AuthUser(
          apple=None,
          facebook=None,
          google=None,
          local=LocalAuth(
            email=None,
            has_password=None,
            lowerCaseUsername=None,
            username='test',
          ),
          timestamps=LocalTimestamps(
            created=None,
            loggedin=None,
            updated=None,
          ),
        ),
        id=UUID('c5dece22-3b0c-4e30-a6e7-34c2524224db'),
        profile=ProfileUser(
          blurb=None,
          imageUrl=None,
          name='test',
        ),
      ),
      leaderMessage=None,
      leaderOnly=LeaderOnly(
        challenges=False,
        getGems=False,
      ),
      logo=None,
      memberCount=2,
      name="test's Party",
      privacy=<GroupPrivacy.PRIVATE: 'private'>,
      quest=QuestParty(
        RSVPNeeded=None,
        active=False,
        completed=None,
        key='atom1',
        leader=UUID('c18e1853-bded-47a9-82e2-adfdad08894d'),
        members=dict({
          UUID('c18e1853-bded-47a9-82e2-adfdad08894d'): True,
          UUID('c5dece22-3b0c-4e30-a6e7-34c2524224db'): False,
        }),
        progress=ProgressQuest(
          collect=dict({
          }),
          collectedItems=None,
          down=None,
          hp=None,
          rage=None,
          up=None,
        ),
      ),
      summary="test's Party",
      type=<GroupType.PARTY: 'party'>,
    ),
    notifications=list([
    ]),
    success=True,
    userV=797,
  )
# ---
