# serializer version: 1
# name: test_generate_avatar
  Avatar(
    items=ItemsAvatar(
      currentMount='Velociraptor-Base',
      currentPet='Rat-Shade',
      gear=GearItemsAvatar(
        costume=EquippedGear(
          armor='armor_base_0',
          back=None,
          body=None,
          eyewear=None,
          head='head_base_0',
          headAccessory=None,
          shield='shield_base_0',
          weapon=None,
        ),
        equipped=EquippedGear(
          armor='armor_special_fall2024Warrior',
          back='back_mystery_201402',
          body='body_mystery_202003',
          eyewear='eyewear_special_pinkHalfMoon',
          head='head_special_fall2024Warrior',
          headAccessory='headAccessory_special_pinkHeadband',
          shield='shield_special_fall2024Warrior',
          weapon='weapon_special_fall2024Warrior',
        ),
      ),
    ),
    preferences=PreferencesAvatar(
      background='violet',
      chair='none',
      costume=False,
      hair=HairPreferences(
        bangs=1,
        base=3,
        beard=0,
        color='red',
        flower=1,
        mustache=0,
      ),
      shirt='blue',
      size='slim',
      skin='915533',
      sleep=False,
    ),
    stats=StatsAvatar(
      Class=<HabiticaClass.WARRIOR: 'warrior'>,
      buffs=BuffsStatsavatar(
        seafoam=False,
        shinySeed=False,
        snowball=False,
        spookySparkles=False,
      ),
    ),
  )
# ---
